WARNING: A terminally deprecated method in sun.misc.Unsafe has been called
WARNING: sun.misc.Unsafe::staticFieldBase has been called by com.google.inject.internal.aop.HiddenClassDefiner (file:/C:/PROGRA~1/Maven/apache-maven-3.9.11-bin/apache-maven-3.9.11/lib/guice-5.1.0-classes.jar)
WARNING: Please consider reporting this to the maintainers of class com.google.inject.internal.aop.HiddenClassDefiner
WARNING: sun.misc.Unsafe::staticFieldBase will be removed in a future release
[INFO] Scanning for projects...
[INFO] 
[INFO] -----------------< com.employee:employee-data-system >------------------
[INFO] Building Employee Data Handling System 1.0.0
[INFO]   from pom.xml
[INFO] --------------------------------[ jar ]---------------------------------
[INFO] 
[INFO] --- resources:3.3.1:resources (default-resources) @ employee-data-system ---
[INFO] Copying 2 resources from src\main\resources to target\classes
[INFO] Copying 0 resource from src\main\resources to target\classes
[INFO] 
[INFO] --- compiler:3.12.0:compile (default-compile) @ employee-data-system ---
[INFO] Recompiling the module because of added or removed source files.
[INFO] Compiling 35 source files with javac [debug parameters release 25] to target\classes
[INFO] 
[INFO] --- resources:3.3.1:testResources (default-testResources) @ employee-data-system ---
[INFO] skip non existing resourceDirectory C:\Users\GURUPA~1\OneDrive\Desktop\1stsem\EMPLOY~3\EMPLOY~1\EMPLOY~1\src\test\resources
[INFO] 
[INFO] --- compiler:3.12.0:testCompile (default-testCompile) @ employee-data-system ---
[INFO] No sources to compile
[INFO] 
[INFO] --- surefire:3.1.2:test (default-test) @ employee-data-system ---
[INFO] Tests are skipped.
[INFO] 
[INFO] --- jar:3.3.0:jar (default-jar) @ employee-data-system ---
[INFO] Building jar: C:\Users\GURUPA~1\OneDrive\Desktop\1stsem\EMPLOY~3\EMPLOY~1\EMPLOY~1\target\employee-data-system-1.0.0.jar
[INFO] 
[INFO] --- spring-boot:3.2.0:repackage (repackage) @ employee-data-system ---
[INFO] ------------------------------------------------------------------------
[INFO] BUILD FAILURE
[INFO] ------------------------------------------------------------------------
[INFO] Total time:  04:40 h
[INFO] Finished at: 2026-06-02T15:49:55+05:30
[INFO] ------------------------------------------------------------------------
[ERROR] Failed to execute goal org.springframework.boot:spring-boot-maven-plugin:3.2.0:repackage (repackage) on project employee-data-system: Execution repackage of goal org.springframework.boot:spring-boot-maven-plugin:3.2.0:repackage failed: Unsupported class file major version 69 -> [Help 1]
[ERROR] 
[ERROR] To see the full stack trace of the errors, re-run Maven with the -e switch.
[ERROR] Re-run Maven using the -X switch to enable full debug logging.
[ERROR] 
[ERROR] For more information about the errors and possible solutions, please read the following articles:
[ERROR] [Help 1] http://cwiki.apache.org/confluence/display/MAVEN/PluginExecutionException
